// Jest Snapshot v1, https://goo.gl/fbAQLP

exports[`Test Counter Component renders correctly and matches the snapshot 1`] = `
<DocumentFragment>
  <section
    class="sc-5d04bb7b-0 iLyYNB"
  >
    <p
      aria-live="polite"
      role="status"
    >
      Count over threshold:
      <span>
        <strong>
          239
        </strong>
      </span>
    </p>
    <p>
      Min:
      <span>
        <strong>
          100
        </strong>
      </span>
    </p>
    <p>
      Max:
      <span>
        <strong>
          235
        </strong>
      </span>
    </p>
  </section>
</DocumentFragment>
`;
