// Jest Snapshot v1, https://goo.gl/fbAQLP

exports[`Test Layout Component Should match snapshot with a mock page 1`] = `
<DocumentFragment>
  <div
    class="Styles__Background-sc-1o8hx7p-0 dKNCZO"
  >
    <div
      class="Styles__OverlayPattern-sc-1o8hx7p-1 kEikSX"
    />
    <nav
      class="Styles__Menu-sc-1o8hx7p-2 dkZqFh"
    >
      <a
        aria-label="Go to home page"
        href="/"
      >
        <img
          alt="Pokeball Image"
          data-nimg="1"
          decoding="async"
          height="96"
          loading="lazy"
          src="/_next/image?url=%2Fimages%2Fpokeball.png&w=256&q=75"
          srcset="/_next/image?url=%2Fimages%2Fpokeball.png&w=96&q=75 1x, /_next/image?url=%2Fimages%2Fpokeball.png&w=256&q=75 2x"
          style="color: transparent;"
          width="96"
        />
        <span>
          Home
        </span>
      </a>
    </nav>
    <div
      class="Styles__Container-sc-1o8hx7p-3 iOvVmP"
    >
      <div
        class="Styles__Main-sc-1o8hx7p-4 iwThyF"
      >
        <div>
          Mock Page Content
        </div>
      </div>
    </div>
  </div>
</DocumentFragment>
`;
