// Jest Snapshot v1, https://goo.gl/fbAQLP

exports[`Test Search Input Component renders correctly and matches the snapshot 1`] = `
<DocumentFragment>
  <div
    class="Styles__StyledContainer-r6tzcr-0 ksDtPp"
  >
    <label
      class="Styles__StyledLabel-r6tzcr-2 kAjtzR"
      for="someID"
    >
      someLabel
    </label>
    <input
      aria-describedby="search-help-text"
      aria-label="Search input"
      class="Styles__StyledSearchInput-r6tzcr-1 iHcdsp"
      id="someID"
      placeholder="somePlaceHolder"
      type="search"
    />
  </div>
</DocumentFragment>
`;
