// Jest Snapshot v1, https://goo.gl/fbAQLP

exports[`Table Component renders correctly and matches the snapshot 1`] = `
<DocumentFragment>
  <table
    class="Styles__StyledTable-sc-1o1cw3u-0 brXwnB"
  >
    <thead
      class="Styles__TableHeader-sc-1o1cw3u-1 jSvCgs"
    >
      <tr>
        <th>
          ID
        </th>
        <th>
          Name
        </th>
        <th>
          Type
        </th>
        <th
          colspan="6"
        >
          Stats
        </th>
        <th>
          Power
        </th>
      </tr>
    </thead>
    <tbody
      class="Styles__TableBody-sc-1o1cw3u-2 fykNoR"
    >
      <tr>
        <td>
          1
        </td>
        <td>
          Bulbasaur
        </td>
        <td>
          Grass, Poison
        </td>
        <td>
          45
        </td>
        <td>
          41
        </td>
        <td>
          49
        </td>
        <td>
          65
        </td>
        <td>
          55
        </td>
        <td>
          61
        </td>
        <td>
          100
        </td>
      </tr>
      <tr>
        <td>
          2
        </td>
        <td>
          Charmander
        </td>
        <td>
          Fire
        </td>
        <td>
          39
        </td>
        <td>
          66
        </td>
        <td>
          52
        </td>
        <td>
          60
        </td>
        <td>
          43
        </td>
        <td>
          50
        </td>
        <td>
          100
        </td>
      </tr>
    </tbody>
    <tfoot
      class="Styles__TableFooter-sc-1o1cw3u-4 iiILBb"
    >
      <tr>
        <td
          colspan="10"
        >
          <button
            disabled=""
          >
            <strong>
              Prev
            </strong>
          </button>
          <span>
            Page 1 of 3
          </span>
          <button>
            <strong>
              Next
            </strong>
          </button>
        </td>
      </tr>
    </tfoot>
  </table>
</DocumentFragment>
`;
